

================================================================
== Vivado HLS Report for 'dense_resource_ap_ufixed_ap_fixed_16_5_5_3_0_config6_s'
================================================================
* Date:           Wed Sep  7 18:58:40 2022

* Version:        2020.1 (Build 2897737 on Wed May 27 20:21:37 MDT 2020)
* Project:        myproject_prj
* Solution:       solution1
* Product family: virtex7
* Target device:  xc7vx690t-ffg1927-2


================================================================
== Performance Estimates
================================================================
+ Timing: 
    * Summary: 
    +--------+---------+----------+------------+
    |  Clock |  Target | Estimated| Uncertainty|
    +--------+---------+----------+------------+
    |ap_clk  | 6.25 ns | 1.737 ns |   1.88 ns  |
    +--------+---------+----------+------------+

+ Latency: 
    * Summary: 
    +---------+---------+-----------+-----------+-----+-----+---------------------------------------------+
    |  Latency (cycles) |   Latency (absolute)  |  Interval |                   Pipeline                  |
    |   min   |   max   |    min    |    max    | min | max |                     Type                    |
    +---------+---------+-----------+-----------+-----+-----+---------------------------------------------+
    |        2|        3| 12.500 ns | 18.750 ns |    3|    3| loop rewind(delay=0 initiation interval(s)) |
    +---------+---------+-----------+-----------+-----+-----+---------------------------------------------+

    + Detail: 
        * Instance: 
        N/A

        * Loop: 
        +-------------+---------+---------+----------+-----------+-----------+------+----------+
        |             |  Latency (cycles) | Iteration|  Initiation Interval  | Trip |          |
        |  Loop Name  |   min   |   max   |  Latency |  achieved |   target  | Count| Pipelined|
        +-------------+---------+---------+----------+-----------+-----------+------+----------+
        |- ReuseLoop  |        2|        2|         1|          1|          1|     3|    yes   |
        +-------------+---------+---------+----------+-----------+-----------+------+----------+

============================================================
+ Verbose Summary: Synthesis Manager
============================================================
InlineROM: 1
ExposeGlobal: 0
============================================================
+ Verbose Summary: CDFG Model
============================================================
IsTopModel: 0
ResetActiveHigh: 1
IsCombinational: 0
IsDatapathOnly: 0
HasWiredReturn: 1
HasMFsm: 0
HasVarLatency: 1
IsPipeline: 0
IsRtlPipelined: 0
IsInstanceOverlapped: 0
IsDontTouch: 0
HasImplIP: 0
IsGatedGlobalClock: 0

+ Individual pipeline summary: 
  * Pipeline-0: initiation interval (II) = 1, depth = 1


============================================================
+ Verbose Summary: Schedule
============================================================
* Number of FSM states : 2
* Pipeline : 1
  Pipeline-0 : II = 1, D = 1, States = { 2 }
* Dataflow Pipeline: 0

* FSM state transitions: 
1 --> 2 
2 --> 2 

* FSM state operations: 

State 1 <SV = 0> <Delay = 0.85>
ST_1 : Operation 3 [1/1] (0.85ns)   --->   "br label %rewind_header" [firmware/nnet_utils/nnet_dense_resource.h:64->firmware/nnet_utils/nnet_dense_resource.h:276]   --->   Operation 3 'br' <Predicate = true> <Delay = 0.85>

State 2 <SV = 1> <Delay = 1.73>
ST_2 : Operation 4 [1/1] (0.00ns)   --->   "%do_init = phi i1 [ true, %0 ], [ false, %ReuseLoop ], [ true, %"dense_resource_rf_leq_nin<ap_ufixed<5, 2, 0, 0, 0>, ap_fixed<16, 5, 5, 3, 0>, config6>.exit" ]"   --->   Operation 4 'phi' 'do_init' <Predicate = true> <Delay = 0.00>
ST_2 : Operation 5 [1/1] (0.00ns)   --->   "%data_0_V_read2_rewind = phi i5 [ undef, %0 ], [ %data_0_V_read2_phi, %ReuseLoop ], [ undef, %"dense_resource_rf_leq_nin<ap_ufixed<5, 2, 0, 0, 0>, ap_fixed<16, 5, 5, 3, 0>, config6>.exit" ]" [firmware/nnet_utils/nnet_dense_resource.h:268]   --->   Operation 5 'phi' 'data_0_V_read2_rewind' <Predicate = true> <Delay = 0.00>
ST_2 : Operation 6 [1/1] (0.00ns)   --->   "%data_1_V_read3_rewind = phi i5 [ undef, %0 ], [ %data_1_V_read3_phi, %ReuseLoop ], [ undef, %"dense_resource_rf_leq_nin<ap_ufixed<5, 2, 0, 0, 0>, ap_fixed<16, 5, 5, 3, 0>, config6>.exit" ]" [firmware/nnet_utils/nnet_dense_resource.h:268]   --->   Operation 6 'phi' 'data_1_V_read3_rewind' <Predicate = true> <Delay = 0.00>
ST_2 : Operation 7 [1/1] (0.00ns)   --->   "%data_2_V_read4_rewind = phi i5 [ undef, %0 ], [ %data_2_V_read4_phi, %ReuseLoop ], [ undef, %"dense_resource_rf_leq_nin<ap_ufixed<5, 2, 0, 0, 0>, ap_fixed<16, 5, 5, 3, 0>, config6>.exit" ]" [firmware/nnet_utils/nnet_dense_resource.h:268]   --->   Operation 7 'phi' 'data_2_V_read4_rewind' <Predicate = true> <Delay = 0.00>
ST_2 : Operation 8 [1/1] (0.00ns)   --->   "%data_3_V_read5_rewind = phi i5 [ undef, %0 ], [ %data_3_V_read5_phi, %ReuseLoop ], [ undef, %"dense_resource_rf_leq_nin<ap_ufixed<5, 2, 0, 0, 0>, ap_fixed<16, 5, 5, 3, 0>, config6>.exit" ]" [firmware/nnet_utils/nnet_dense_resource.h:268]   --->   Operation 8 'phi' 'data_3_V_read5_rewind' <Predicate = true> <Delay = 0.00>
ST_2 : Operation 9 [1/1] (0.00ns)   --->   "%data_4_V_read6_rewind = phi i5 [ undef, %0 ], [ %data_4_V_read6_phi, %ReuseLoop ], [ undef, %"dense_resource_rf_leq_nin<ap_ufixed<5, 2, 0, 0, 0>, ap_fixed<16, 5, 5, 3, 0>, config6>.exit" ]" [firmware/nnet_utils/nnet_dense_resource.h:268]   --->   Operation 9 'phi' 'data_4_V_read6_rewind' <Predicate = true> <Delay = 0.00>
ST_2 : Operation 10 [1/1] (0.00ns)   --->   "%data_5_V_read7_rewind = phi i5 [ undef, %0 ], [ %data_5_V_read7_phi, %ReuseLoop ], [ undef, %"dense_resource_rf_leq_nin<ap_ufixed<5, 2, 0, 0, 0>, ap_fixed<16, 5, 5, 3, 0>, config6>.exit" ]" [firmware/nnet_utils/nnet_dense_resource.h:268]   --->   Operation 10 'phi' 'data_5_V_read7_rewind' <Predicate = true> <Delay = 0.00>
ST_2 : Operation 11 [1/1] (0.00ns)   --->   "%data_6_V_read8_rewind = phi i5 [ undef, %0 ], [ %data_6_V_read8_phi, %ReuseLoop ], [ undef, %"dense_resource_rf_leq_nin<ap_ufixed<5, 2, 0, 0, 0>, ap_fixed<16, 5, 5, 3, 0>, config6>.exit" ]" [firmware/nnet_utils/nnet_dense_resource.h:268]   --->   Operation 11 'phi' 'data_6_V_read8_rewind' <Predicate = true> <Delay = 0.00>
ST_2 : Operation 12 [1/1] (0.00ns)   --->   "%data_7_V_read9_rewind = phi i5 [ undef, %0 ], [ %data_7_V_read9_phi, %ReuseLoop ], [ undef, %"dense_resource_rf_leq_nin<ap_ufixed<5, 2, 0, 0, 0>, ap_fixed<16, 5, 5, 3, 0>, config6>.exit" ]" [firmware/nnet_utils/nnet_dense_resource.h:268]   --->   Operation 12 'phi' 'data_7_V_read9_rewind' <Predicate = true> <Delay = 0.00>
ST_2 : Operation 13 [1/1] (0.00ns)   --->   "%data_8_V_read10_rewind = phi i5 [ undef, %0 ], [ %data_8_V_read10_phi, %ReuseLoop ], [ undef, %"dense_resource_rf_leq_nin<ap_ufixed<5, 2, 0, 0, 0>, ap_fixed<16, 5, 5, 3, 0>, config6>.exit" ]" [firmware/nnet_utils/nnet_dense_resource.h:268]   --->   Operation 13 'phi' 'data_8_V_read10_rewind' <Predicate = true> <Delay = 0.00>
ST_2 : Operation 14 [1/1] (0.00ns)   --->   "%data_9_V_read11_rewind = phi i5 [ undef, %0 ], [ %data_9_V_read11_phi, %ReuseLoop ], [ undef, %"dense_resource_rf_leq_nin<ap_ufixed<5, 2, 0, 0, 0>, ap_fixed<16, 5, 5, 3, 0>, config6>.exit" ]" [firmware/nnet_utils/nnet_dense_resource.h:268]   --->   Operation 14 'phi' 'data_9_V_read11_rewind' <Predicate = true> <Delay = 0.00>
ST_2 : Operation 15 [1/1] (0.00ns)   --->   "%data_10_V_read12_rewind = phi i5 [ undef, %0 ], [ %data_10_V_read12_phi, %ReuseLoop ], [ undef, %"dense_resource_rf_leq_nin<ap_ufixed<5, 2, 0, 0, 0>, ap_fixed<16, 5, 5, 3, 0>, config6>.exit" ]" [firmware/nnet_utils/nnet_dense_resource.h:268]   --->   Operation 15 'phi' 'data_10_V_read12_rewind' <Predicate = true> <Delay = 0.00>
ST_2 : Operation 16 [1/1] (0.00ns)   --->   "%data_11_V_read13_rewind = phi i5 [ undef, %0 ], [ %data_11_V_read13_phi, %ReuseLoop ], [ undef, %"dense_resource_rf_leq_nin<ap_ufixed<5, 2, 0, 0, 0>, ap_fixed<16, 5, 5, 3, 0>, config6>.exit" ]" [firmware/nnet_utils/nnet_dense_resource.h:268]   --->   Operation 16 'phi' 'data_11_V_read13_rewind' <Predicate = true> <Delay = 0.00>
ST_2 : Operation 17 [1/1] (0.00ns)   --->   "%data_12_V_read14_rewind = phi i5 [ undef, %0 ], [ %data_12_V_read14_phi, %ReuseLoop ], [ undef, %"dense_resource_rf_leq_nin<ap_ufixed<5, 2, 0, 0, 0>, ap_fixed<16, 5, 5, 3, 0>, config6>.exit" ]" [firmware/nnet_utils/nnet_dense_resource.h:268]   --->   Operation 17 'phi' 'data_12_V_read14_rewind' <Predicate = true> <Delay = 0.00>
ST_2 : Operation 18 [1/1] (0.00ns)   --->   "%data_13_V_read15_rewind = phi i5 [ undef, %0 ], [ %data_13_V_read15_phi, %ReuseLoop ], [ undef, %"dense_resource_rf_leq_nin<ap_ufixed<5, 2, 0, 0, 0>, ap_fixed<16, 5, 5, 3, 0>, config6>.exit" ]" [firmware/nnet_utils/nnet_dense_resource.h:268]   --->   Operation 18 'phi' 'data_13_V_read15_rewind' <Predicate = true> <Delay = 0.00>
ST_2 : Operation 19 [1/1] (0.00ns)   --->   "%data_14_V_read16_rewind = phi i5 [ undef, %0 ], [ %data_14_V_read16_phi, %ReuseLoop ], [ undef, %"dense_resource_rf_leq_nin<ap_ufixed<5, 2, 0, 0, 0>, ap_fixed<16, 5, 5, 3, 0>, config6>.exit" ]" [firmware/nnet_utils/nnet_dense_resource.h:268]   --->   Operation 19 'phi' 'data_14_V_read16_rewind' <Predicate = true> <Delay = 0.00>
ST_2 : Operation 20 [1/1] (0.00ns)   --->   "%w_index1 = phi i2 [ 0, %0 ], [ %w_index, %ReuseLoop ], [ 0, %"dense_resource_rf_leq_nin<ap_ufixed<5, 2, 0, 0, 0>, ap_fixed<16, 5, 5, 3, 0>, config6>.exit" ]"   --->   Operation 20 'phi' 'w_index1' <Predicate = true> <Delay = 0.00>
ST_2 : Operation 21 [1/1] (0.85ns)   --->   "br i1 %do_init, label %rewind_init, label %ReuseLoop"   --->   Operation 21 'br' <Predicate = true> <Delay = 0.85>
ST_2 : Operation 22 [1/1] (0.00ns)   --->   "call void (...)* @_ssdm_op_SpecClockDomain([8 x i8]* @default, [1 x i8]* @empty)"   --->   Operation 22 'specclockdomain' <Predicate = (do_init)> <Delay = 0.00>
ST_2 : Operation 23 [1/1] (0.00ns)   --->   "%data_14_V_read_2 = call i5 @_ssdm_op_Read.ap_auto.i5(i5 %data_14_V_read)" [firmware/nnet_utils/nnet_dense_resource.h:268]   --->   Operation 23 'read' 'data_14_V_read_2' <Predicate = (do_init)> <Delay = 0.00>
ST_2 : Operation 24 [1/1] (0.00ns)   --->   "%data_13_V_read_2 = call i5 @_ssdm_op_Read.ap_auto.i5(i5 %data_13_V_read)" [firmware/nnet_utils/nnet_dense_resource.h:268]   --->   Operation 24 'read' 'data_13_V_read_2' <Predicate = (do_init)> <Delay = 0.00>
ST_2 : Operation 25 [1/1] (0.00ns)   --->   "%data_12_V_read_2 = call i5 @_ssdm_op_Read.ap_auto.i5(i5 %data_12_V_read)" [firmware/nnet_utils/nnet_dense_resource.h:268]   --->   Operation 25 'read' 'data_12_V_read_2' <Predicate = (do_init)> <Delay = 0.00>
ST_2 : Operation 26 [1/1] (0.00ns)   --->   "%data_11_V_read_2 = call i5 @_ssdm_op_Read.ap_auto.i5(i5 %data_11_V_read)" [firmware/nnet_utils/nnet_dense_resource.h:268]   --->   Operation 26 'read' 'data_11_V_read_2' <Predicate = (do_init)> <Delay = 0.00>
ST_2 : Operation 27 [1/1] (0.00ns)   --->   "%data_10_V_read_2 = call i5 @_ssdm_op_Read.ap_auto.i5(i5 %data_10_V_read)" [firmware/nnet_utils/nnet_dense_resource.h:268]   --->   Operation 27 'read' 'data_10_V_read_2' <Predicate = (do_init)> <Delay = 0.00>
ST_2 : Operation 28 [1/1] (0.00ns)   --->   "%data_9_V_read11 = call i5 @_ssdm_op_Read.ap_auto.i5(i5 %data_9_V_read)" [firmware/nnet_utils/nnet_dense_resource.h:268]   --->   Operation 28 'read' 'data_9_V_read11' <Predicate = (do_init)> <Delay = 0.00>
ST_2 : Operation 29 [1/1] (0.00ns)   --->   "%data_8_V_read_2 = call i5 @_ssdm_op_Read.ap_auto.i5(i5 %data_8_V_read)" [firmware/nnet_utils/nnet_dense_resource.h:268]   --->   Operation 29 'read' 'data_8_V_read_2' <Predicate = (do_init)> <Delay = 0.00>
ST_2 : Operation 30 [1/1] (0.00ns)   --->   "%data_7_V_read_2 = call i5 @_ssdm_op_Read.ap_auto.i5(i5 %data_7_V_read)" [firmware/nnet_utils/nnet_dense_resource.h:268]   --->   Operation 30 'read' 'data_7_V_read_2' <Predicate = (do_init)> <Delay = 0.00>
ST_2 : Operation 31 [1/1] (0.00ns)   --->   "%data_6_V_read_2 = call i5 @_ssdm_op_Read.ap_auto.i5(i5 %data_6_V_read)" [firmware/nnet_utils/nnet_dense_resource.h:268]   --->   Operation 31 'read' 'data_6_V_read_2' <Predicate = (do_init)> <Delay = 0.00>
ST_2 : Operation 32 [1/1] (0.00ns)   --->   "%data_5_V_read_2 = call i5 @_ssdm_op_Read.ap_auto.i5(i5 %data_5_V_read)" [firmware/nnet_utils/nnet_dense_resource.h:268]   --->   Operation 32 'read' 'data_5_V_read_2' <Predicate = (do_init)> <Delay = 0.00>
ST_2 : Operation 33 [1/1] (0.00ns)   --->   "%data_4_V_read_2 = call i5 @_ssdm_op_Read.ap_auto.i5(i5 %data_4_V_read)" [firmware/nnet_utils/nnet_dense_resource.h:268]   --->   Operation 33 'read' 'data_4_V_read_2' <Predicate = (do_init)> <Delay = 0.00>
ST_2 : Operation 34 [1/1] (0.00ns)   --->   "%data_3_V_read_2 = call i5 @_ssdm_op_Read.ap_auto.i5(i5 %data_3_V_read)" [firmware/nnet_utils/nnet_dense_resource.h:268]   --->   Operation 34 'read' 'data_3_V_read_2' <Predicate = (do_init)> <Delay = 0.00>
ST_2 : Operation 35 [1/1] (0.00ns)   --->   "%data_2_V_read_2 = call i5 @_ssdm_op_Read.ap_auto.i5(i5 %data_2_V_read)" [firmware/nnet_utils/nnet_dense_resource.h:268]   --->   Operation 35 'read' 'data_2_V_read_2' <Predicate = (do_init)> <Delay = 0.00>
ST_2 : Operation 36 [1/1] (0.00ns)   --->   "%data_1_V_read_2 = call i5 @_ssdm_op_Read.ap_auto.i5(i5 %data_1_V_read)" [firmware/nnet_utils/nnet_dense_resource.h:268]   --->   Operation 36 'read' 'data_1_V_read_2' <Predicate = (do_init)> <Delay = 0.00>
ST_2 : Operation 37 [1/1] (0.00ns)   --->   "%data_0_V_read_2 = call i5 @_ssdm_op_Read.ap_auto.i5(i5 %data_0_V_read)" [firmware/nnet_utils/nnet_dense_resource.h:268]   --->   Operation 37 'read' 'data_0_V_read_2' <Predicate = (do_init)> <Delay = 0.00>
ST_2 : Operation 38 [1/1] (0.85ns)   --->   "br label %ReuseLoop" [firmware/nnet_utils/nnet_dense_resource.h:64->firmware/nnet_utils/nnet_dense_resource.h:276]   --->   Operation 38 'br' <Predicate = (do_init)> <Delay = 0.85>
ST_2 : Operation 39 [1/1] (0.00ns)   --->   "%data_0_V_read2_phi = phi i5 [ %data_0_V_read_2, %rewind_init ], [ %data_0_V_read2_rewind, %rewind_header ]" [firmware/nnet_utils/nnet_dense_resource.h:268]   --->   Operation 39 'phi' 'data_0_V_read2_phi' <Predicate = true> <Delay = 0.00>
ST_2 : Operation 40 [1/1] (0.00ns)   --->   "%data_1_V_read3_phi = phi i5 [ %data_1_V_read_2, %rewind_init ], [ %data_1_V_read3_rewind, %rewind_header ]" [firmware/nnet_utils/nnet_dense_resource.h:268]   --->   Operation 40 'phi' 'data_1_V_read3_phi' <Predicate = true> <Delay = 0.00>
ST_2 : Operation 41 [1/1] (0.00ns)   --->   "%data_2_V_read4_phi = phi i5 [ %data_2_V_read_2, %rewind_init ], [ %data_2_V_read4_rewind, %rewind_header ]" [firmware/nnet_utils/nnet_dense_resource.h:268]   --->   Operation 41 'phi' 'data_2_V_read4_phi' <Predicate = true> <Delay = 0.00>
ST_2 : Operation 42 [1/1] (0.00ns)   --->   "%data_3_V_read5_phi = phi i5 [ %data_3_V_read_2, %rewind_init ], [ %data_3_V_read5_rewind, %rewind_header ]" [firmware/nnet_utils/nnet_dense_resource.h:268]   --->   Operation 42 'phi' 'data_3_V_read5_phi' <Predicate = true> <Delay = 0.00>
ST_2 : Operation 43 [1/1] (0.00ns)   --->   "%data_4_V_read6_phi = phi i5 [ %data_4_V_read_2, %rewind_init ], [ %data_4_V_read6_rewind, %rewind_header ]" [firmware/nnet_utils/nnet_dense_resource.h:268]   --->   Operation 43 'phi' 'data_4_V_read6_phi' <Predicate = true> <Delay = 0.00>
ST_2 : Operation 44 [1/1] (0.00ns)   --->   "%data_5_V_read7_phi = phi i5 [ %data_5_V_read_2, %rewind_init ], [ %data_5_V_read7_rewind, %rewind_header ]" [firmware/nnet_utils/nnet_dense_resource.h:268]   --->   Operation 44 'phi' 'data_5_V_read7_phi' <Predicate = true> <Delay = 0.00>
ST_2 : Operation 45 [1/1] (0.00ns)   --->   "%data_6_V_read8_phi = phi i5 [ %data_6_V_read_2, %rewind_init ], [ %data_6_V_read8_rewind, %rewind_header ]" [firmware/nnet_utils/nnet_dense_resource.h:268]   --->   Operation 45 'phi' 'data_6_V_read8_phi' <Predicate = true> <Delay = 0.00>
ST_2 : Operation 46 [1/1] (0.00ns)   --->   "%data_7_V_read9_phi = phi i5 [ %data_7_V_read_2, %rewind_init ], [ %data_7_V_read9_rewind, %rewind_header ]" [firmware/nnet_utils/nnet_dense_resource.h:268]   --->   Operation 46 'phi' 'data_7_V_read9_phi' <Predicate = true> <Delay = 0.00>
ST_2 : Operation 47 [1/1] (0.00ns)   --->   "%data_8_V_read10_phi = phi i5 [ %data_8_V_read_2, %rewind_init ], [ %data_8_V_read10_rewind, %rewind_header ]" [firmware/nnet_utils/nnet_dense_resource.h:268]   --->   Operation 47 'phi' 'data_8_V_read10_phi' <Predicate = true> <Delay = 0.00>
ST_2 : Operation 48 [1/1] (0.00ns)   --->   "%data_9_V_read11_phi = phi i5 [ %data_9_V_read11, %rewind_init ], [ %data_9_V_read11_rewind, %rewind_header ]" [firmware/nnet_utils/nnet_dense_resource.h:268]   --->   Operation 48 'phi' 'data_9_V_read11_phi' <Predicate = true> <Delay = 0.00>
ST_2 : Operation 49 [1/1] (0.00ns)   --->   "%data_10_V_read12_phi = phi i5 [ %data_10_V_read_2, %rewind_init ], [ %data_10_V_read12_rewind, %rewind_header ]" [firmware/nnet_utils/nnet_dense_resource.h:268]   --->   Operation 49 'phi' 'data_10_V_read12_phi' <Predicate = true> <Delay = 0.00>
ST_2 : Operation 50 [1/1] (0.00ns)   --->   "%data_11_V_read13_phi = phi i5 [ %data_11_V_read_2, %rewind_init ], [ %data_11_V_read13_rewind, %rewind_header ]" [firmware/nnet_utils/nnet_dense_resource.h:268]   --->   Operation 50 'phi' 'data_11_V_read13_phi' <Predicate = true> <Delay = 0.00>
ST_2 : Operation 51 [1/1] (0.00ns)   --->   "%data_12_V_read14_phi = phi i5 [ %data_12_V_read_2, %rewind_init ], [ %data_12_V_read14_rewind, %rewind_header ]" [firmware/nnet_utils/nnet_dense_resource.h:268]   --->   Operation 51 'phi' 'data_12_V_read14_phi' <Predicate = true> <Delay = 0.00>
ST_2 : Operation 52 [1/1] (0.00ns)   --->   "%data_13_V_read15_phi = phi i5 [ %data_13_V_read_2, %rewind_init ], [ %data_13_V_read15_rewind, %rewind_header ]" [firmware/nnet_utils/nnet_dense_resource.h:268]   --->   Operation 52 'phi' 'data_13_V_read15_phi' <Predicate = true> <Delay = 0.00>
ST_2 : Operation 53 [1/1] (0.00ns)   --->   "%data_14_V_read16_phi = phi i5 [ %data_14_V_read_2, %rewind_init ], [ %data_14_V_read16_rewind, %rewind_header ]" [firmware/nnet_utils/nnet_dense_resource.h:268]   --->   Operation 53 'phi' 'data_14_V_read16_phi' <Predicate = true> <Delay = 0.00>
ST_2 : Operation 54 [1/1] (0.00ns)   --->   "call void (...)* @_ssdm_op_SpecLoopName([10 x i8]* @p_str15) nounwind" [firmware/nnet_utils/nnet_dense_resource.h:64->firmware/nnet_utils/nnet_dense_resource.h:276]   --->   Operation 54 'specloopname' <Predicate = true> <Delay = 0.00>
ST_2 : Operation 55 [1/1] (0.00ns)   --->   "%tmp = call i32 (...)* @_ssdm_op_SpecRegionBegin([10 x i8]* @p_str15)" [firmware/nnet_utils/nnet_dense_resource.h:64->firmware/nnet_utils/nnet_dense_resource.h:276]   --->   Operation 55 'specregionbegin' 'tmp' <Predicate = true> <Delay = 0.00>
ST_2 : Operation 56 [1/1] (0.00ns)   --->   "call void (...)* @_ssdm_op_SpecPipeline(i32 1, i32 1, i32 1, i32 0, [1 x i8]* @p_str7) nounwind" [firmware/nnet_utils/nnet_dense_resource.h:65->firmware/nnet_utils/nnet_dense_resource.h:276]   --->   Operation 56 'specpipeline' <Predicate = true> <Delay = 0.00>
ST_2 : Operation 57 [1/1] (0.88ns)   --->   "%phi_ln = call i5 @_ssdm_op_Mux.ap_auto.4i5.i2(i5 %data_0_V_read2_phi, i5 %data_1_V_read3_phi, i5 %data_2_V_read4_phi, i5 %data_2_V_read4_phi, i2 %w_index1)" [firmware/nnet_utils/nnet_dense_resource.h:77->firmware/nnet_utils/nnet_dense_resource.h:276]   --->   Operation 57 'mux' 'phi_ln' <Predicate = true> <Delay = 0.88> <Core = "MuxnS">   --->   Core 31 'MuxnS' <Latency = 0> <II = 1> <Delay = 0.88> <FuncUnit> <Opcode : 'mux'> <InPorts = 2> <OutPorts = 1>
ST_2 : Operation 58 [1/1] (0.88ns)   --->   "%phi_ln77_1 = call i5 @_ssdm_op_Mux.ap_auto.4i5.i2(i5 %data_3_V_read5_phi, i5 %data_4_V_read6_phi, i5 %data_5_V_read7_phi, i5 %data_5_V_read7_phi, i2 %w_index1)" [firmware/nnet_utils/nnet_dense_resource.h:77->firmware/nnet_utils/nnet_dense_resource.h:276]   --->   Operation 58 'mux' 'phi_ln77_1' <Predicate = true> <Delay = 0.88> <Core = "MuxnS">   --->   Core 31 'MuxnS' <Latency = 0> <II = 1> <Delay = 0.88> <FuncUnit> <Opcode : 'mux'> <InPorts = 2> <OutPorts = 1>
ST_2 : Operation 59 [1/1] (0.88ns)   --->   "%phi_ln77_2 = call i5 @_ssdm_op_Mux.ap_auto.4i5.i2(i5 %data_6_V_read8_phi, i5 %data_7_V_read9_phi, i5 %data_8_V_read10_phi, i5 %data_8_V_read10_phi, i2 %w_index1)" [firmware/nnet_utils/nnet_dense_resource.h:77->firmware/nnet_utils/nnet_dense_resource.h:276]   --->   Operation 59 'mux' 'phi_ln77_2' <Predicate = true> <Delay = 0.88> <Core = "MuxnS">   --->   Core 31 'MuxnS' <Latency = 0> <II = 1> <Delay = 0.88> <FuncUnit> <Opcode : 'mux'> <InPorts = 2> <OutPorts = 1>
ST_2 : Operation 60 [1/1] (0.88ns)   --->   "%phi_ln77_3 = call i5 @_ssdm_op_Mux.ap_auto.4i5.i2(i5 %data_9_V_read11_phi, i5 %data_10_V_read12_phi, i5 %data_11_V_read13_phi, i5 %data_11_V_read13_phi, i2 %w_index1)" [firmware/nnet_utils/nnet_dense_resource.h:77->firmware/nnet_utils/nnet_dense_resource.h:276]   --->   Operation 60 'mux' 'phi_ln77_3' <Predicate = true> <Delay = 0.88> <Core = "MuxnS">   --->   Core 31 'MuxnS' <Latency = 0> <II = 1> <Delay = 0.88> <FuncUnit> <Opcode : 'mux'> <InPorts = 2> <OutPorts = 1>
ST_2 : Operation 61 [1/1] (0.88ns)   --->   "%phi_ln77_4 = call i5 @_ssdm_op_Mux.ap_auto.4i5.i2(i5 %data_12_V_read14_phi, i5 %data_13_V_read15_phi, i5 %data_14_V_read16_phi, i5 %data_14_V_read16_phi, i2 %w_index1)" [firmware/nnet_utils/nnet_dense_resource.h:77->firmware/nnet_utils/nnet_dense_resource.h:276]   --->   Operation 61 'mux' 'phi_ln77_4' <Predicate = true> <Delay = 0.88> <Core = "MuxnS">   --->   Core 31 'MuxnS' <Latency = 0> <II = 1> <Delay = 0.88> <FuncUnit> <Opcode : 'mux'> <InPorts = 2> <OutPorts = 1>
ST_2 : Operation 62 [1/1] (0.00ns)   --->   "%empty = call i32 (...)* @_ssdm_op_SpecRegionEnd([10 x i8]* @p_str15, i32 %tmp)" [firmware/nnet_utils/nnet_dense_resource.h:94->firmware/nnet_utils/nnet_dense_resource.h:276]   --->   Operation 62 'specregionend' 'empty' <Predicate = true> <Delay = 0.00>
ST_2 : Operation 63 [1/1] (0.85ns)   --->   "%w_index = add i2 %w_index1, 1" [firmware/nnet_utils/nnet_dense_resource.h:64->firmware/nnet_utils/nnet_dense_resource.h:276]   --->   Operation 63 'add' 'w_index' <Predicate = true> <Delay = 0.85> <Core = "AddSub">   --->   Core 14 'AddSub' <Latency = 0> <II = 1> <Delay = 0.85> <FuncUnit> <Opcode : 'add' 'sub'> <InPorts = 2> <OutPorts = 1>
ST_2 : Operation 64 [1/1] (0.48ns)   --->   "%icmp_ln64 = icmp eq i2 %w_index1, -2" [firmware/nnet_utils/nnet_dense_resource.h:64->firmware/nnet_utils/nnet_dense_resource.h:276]   --->   Operation 64 'icmp' 'icmp_ln64' <Predicate = true> <Delay = 0.48> <Core = "Cmp">   --->   Core 25 'Cmp' <Latency = 0> <II = 1> <Delay = 0.48> <FuncUnit> <Opcode : 'icmp'> <InPorts = 2> <OutPorts = 1>
ST_2 : Operation 65 [1/1] (0.00ns)   --->   "%empty_13 = call i32 (...)* @_ssdm_op_SpecLoopTripCount(i64 3, i64 3, i64 3)"   --->   Operation 65 'speclooptripcount' 'empty_13' <Predicate = true> <Delay = 0.00>
ST_2 : Operation 66 [1/1] (0.00ns)   --->   "br i1 %icmp_ln64, label %"dense_resource_rf_leq_nin<ap_ufixed<5, 2, 0, 0, 0>, ap_fixed<16, 5, 5, 3, 0>, config6>.exit", label %rewind_header" [firmware/nnet_utils/nnet_dense_resource.h:64->firmware/nnet_utils/nnet_dense_resource.h:276]   --->   Operation 66 'br' <Predicate = true> <Delay = 0.00>
ST_2 : Operation 67 [1/1] (0.00ns)   --->   "call void (...)* @_ssdm_op_Return()"   --->   Operation 67 'return' <Predicate = (icmp_ln64)> <Delay = 0.00>
ST_2 : Operation 68 [1/1] (0.00ns)   --->   "br label %rewind_header"   --->   Operation 68 'br' <Predicate = (icmp_ln64)> <Delay = 0.00>


============================================================
+ Verbose Summary: Timing violations
============================================================
Target clock period: 6.25ns, clock uncertainty: 1.88ns.

 <State 1>: 0.85ns
The critical path consists of the following:
	multiplexor before 'phi' operation ('do_init') [18]  (0.85 ns)

 <State 2>: 1.74ns
The critical path consists of the following:
	'phi' operation ('do_init') [18]  (0 ns)
	multiplexor before 'phi' operation ('data_0_V_read2_phi', firmware/nnet_utils/nnet_dense_resource.h:268) with incoming values : ('data[0].V', firmware/nnet_utils/nnet_dense_resource.h:268) [55]  (0.85 ns)
	'phi' operation ('data_0_V_read2_phi', firmware/nnet_utils/nnet_dense_resource.h:268) with incoming values : ('data[0].V', firmware/nnet_utils/nnet_dense_resource.h:268) [55]  (0 ns)
	'mux' operation ('phi_ln', firmware/nnet_utils/nnet_dense_resource.h:77->firmware/nnet_utils/nnet_dense_resource.h:276) [73]  (0.887 ns)


============================================================
+ Verbose Summary: Binding
============================================================
N/A
* FSMD analyzer results:
  - Output states:
 - Input state : 
  - Chain level:
	State 1
	State 2


============================================================
+ Verbose Summary: Datapath Resource usage 
============================================================
N/A
