

================================================================
== Vivado HLS Report for 'Block_codeRepl320123320129_proc72'
================================================================
* Date:           Wed Sep  7 19:00:27 2022

* Version:        2020.1 (Build 2897737 on Wed May 27 20:21:37 MDT 2020)
* Project:        myproject_prj
* Solution:       solution1
* Product family: virtex7
* Target device:  xc7vx690t-ffg1927-2


================================================================
== Performance Estimates
================================================================
+ Timing: 
    * Summary: 
    +--------+---------+----------+------------+
    |  Clock |  Target | Estimated| Uncertainty|
    +--------+---------+----------+------------+
    |ap_clk  | 6.25 ns | 1.737 ns |   1.88 ns  |
    +--------+---------+----------+------------+

+ Latency: 
    * Summary: 
    +---------+---------+-----------+-----------+-----+-----+---------+
    |  Latency (cycles) |   Latency (absolute)  |  Interval | Pipeline|
    |   min   |   max   |    min    |    max    | min | max |   Type  |
    +---------+---------+-----------+-----------+-----+-----+---------+
    |        3|        4| 18.750 ns | 25.000 ns |    3|    4|   none  |
    +---------+---------+-----------+-----------+-----+-----+---------+

    + Detail: 
        * Instance: 
        +-------------------------------------------------------------------+--------------------------------------------------------+---------+---------+-----------+-----------+-----+-----+---------+
        |                                                                   |                                                        |  Latency (cycles) |   Latency (absolute)  |  Interval | Pipeline|
        |                              Instance                             |                         Module                         |   min   |   max   |    min    |    max    | min | max |   Type  |
        +-------------------------------------------------------------------+--------------------------------------------------------+---------+---------+-----------+-----------+-----+-----+---------+
        |grp_dense_resource_ap_ufixed_ap_fixed_16_5_5_3_0_config6_s_fu_157  |dense_resource_ap_ufixed_ap_fixed_16_5_5_3_0_config6_s  |        2|        3| 12.500 ns | 18.750 ns |    2|    3|   none  |
        +-------------------------------------------------------------------+--------------------------------------------------------+---------+---------+-----------+-----------+-----+-----+---------+

        * Loop: 
        N/A



================================================================
== Utilization Estimates
================================================================
* Summary: 
+-----------------+---------+-------+--------+--------+-----+
|       Name      | BRAM_18K| DSP48E|   FF   |   LUT  | URAM|
+-----------------+---------+-------+--------+--------+-----+
|DSP              |        -|      -|       -|       -|    -|
|Expression       |        -|      -|       0|       2|    -|
|FIFO             |        -|      -|       -|       -|    -|
|Instance         |        -|      -|      80|     353|    -|
|Memory           |        -|      -|       -|       -|    -|
|Multiplexer      |        -|      -|       -|      33|    -|
|Register         |        -|      -|     132|       -|    -|
+-----------------+---------+-------+--------+--------+-----+
|Total            |        0|      0|     212|     388|    0|
+-----------------+---------+-------+--------+--------+-----+
|Available        |     2940|   3600|  866400|  433200|    0|
+-----------------+---------+-------+--------+--------+-----+
|Utilization (%)  |        0|      0|   ~0   |   ~0   |    0|
+-----------------+---------+-------+--------+--------+-----+

+ Detail: 
    * Instance: 
    +-------------------------------------------------------------------+--------------------------------------------------------+---------+-------+----+-----+-----+
    |                              Instance                             |                         Module                         | BRAM_18K| DSP48E| FF | LUT | URAM|
    +-------------------------------------------------------------------+--------------------------------------------------------+---------+-------+----+-----+-----+
    |grp_dense_resource_ap_ufixed_ap_fixed_16_5_5_3_0_config6_s_fu_157  |dense_resource_ap_ufixed_ap_fixed_16_5_5_3_0_config6_s  |        0|      0|  80|  353|    0|
    +-------------------------------------------------------------------+--------------------------------------------------------+---------+-------+----+-----+-----+
    |Total                                                              |                                                        |        0|      0|  80|  353|    0|
    +-------------------------------------------------------------------+--------------------------------------------------------+---------+-------+----+-----+-----+

    * DSP48E: 
    N/A

    * Memory: 
    N/A

    * FIFO: 
    N/A

    * Expression: 
    +-----------------+----------+-------+---+----+------------+------------+
    |  Variable Name  | Operation| DSP48E| FF| LUT| Bitwidth P0| Bitwidth P1|
    +-----------------+----------+-------+---+----+------------+------------+
    |ap_block_state1  |    or    |      0|  0|   2|           1|           1|
    +-----------------+----------+-------+---+----+------------+------------+
    |Total            |          |      0|  0|   2|           1|           1|
    +-----------------+----------+-------+---+----+------------+------------+

    * Multiplexer: 
    +----------------+----+-----------+-----+-----------+
    |      Name      | LUT| Input Size| Bits| Total Bits|
    +----------------+----+-----------+-----+-----------+
    |ap_NS_fsm       |  15|          3|    1|          3|
    |ap_done         |   9|          2|    1|          2|
    |link_out_0_V_o  |   9|          2|  128|        256|
    +----------------+----+-----------+-----+-----------+
    |Total           |  33|          7|  130|        261|
    +----------------+----+-----------+-----+-----------+

    * Register: 
    +--------------------------------------------------------------------------------+-----+----+-----+-----------+
    |                                      Name                                      |  FF | LUT| Bits| Const Bits|
    +--------------------------------------------------------------------------------+-----+----+-----+-----------+
    |ap_CS_fsm                                                                       |    2|   0|    2|          0|
    |ap_done_reg                                                                     |    1|   0|    1|          0|
    |grp_dense_resource_ap_ufixed_ap_fixed_16_5_5_3_0_config6_s_fu_157_ap_start_reg  |    1|   0|    1|          0|
    |link_out_0_V_o_preg                                                             |  128|   0|  128|          0|
    +--------------------------------------------------------------------------------+-----+----+-----+-----------+
    |Total                                                                           |  132|   0|  132|          0|
    +--------------------------------------------------------------------------------+-----+----+-----+-----------+



================================================================
== Interface
================================================================
* Summary: 
+-----------------------+-----+-----+------------+-----------------------------------+--------------+
|       RTL Ports       | Dir | Bits|  Protocol  |           Source Object           |    C Type    |
+-----------------------+-----+-----+------------+-----------------------------------+--------------+
|ap_clk                 |  in |    1| ap_ctrl_hs | Block_codeRepl320123320129_proc72 | return value |
|ap_rst                 |  in |    1| ap_ctrl_hs | Block_codeRepl320123320129_proc72 | return value |
|ap_start               |  in |    1| ap_ctrl_hs | Block_codeRepl320123320129_proc72 | return value |
|ap_done                | out |    1| ap_ctrl_hs | Block_codeRepl320123320129_proc72 | return value |
|ap_continue            |  in |    1| ap_ctrl_hs | Block_codeRepl320123320129_proc72 | return value |
|ap_idle                | out |    1| ap_ctrl_hs | Block_codeRepl320123320129_proc72 | return value |
|ap_ready               | out |    1| ap_ctrl_hs | Block_codeRepl320123320129_proc72 | return value |
|p_read                 |  in |    5|   ap_none  |               p_read              |    scalar    |
|p_read1                |  in |    5|   ap_none  |              p_read1              |    scalar    |
|p_read2                |  in |    5|   ap_none  |              p_read2              |    scalar    |
|p_read3                |  in |    5|   ap_none  |              p_read3              |    scalar    |
|p_read4                |  in |    5|   ap_none  |              p_read4              |    scalar    |
|p_read5                |  in |    5|   ap_none  |              p_read5              |    scalar    |
|p_read6                |  in |    5|   ap_none  |              p_read6              |    scalar    |
|p_read7                |  in |    5|   ap_none  |              p_read7              |    scalar    |
|p_read8                |  in |    5|   ap_none  |              p_read8              |    scalar    |
|p_read9                |  in |    5|   ap_none  |              p_read9              |    scalar    |
|p_read10               |  in |    5|   ap_none  |              p_read10             |    scalar    |
|p_read11               |  in |    5|   ap_none  |              p_read11             |    scalar    |
|p_read12               |  in |    5|   ap_none  |              p_read12             |    scalar    |
|p_read13               |  in |    5|   ap_none  |              p_read13             |    scalar    |
|p_read14               |  in |    5|   ap_none  |              p_read14             |    scalar    |
|link_out_0_V_i         |  in |  128|   ap_ovld  |            link_out_0_V           |    pointer   |
|link_out_0_V_o         | out |  128|   ap_ovld  |            link_out_0_V           |    pointer   |
|link_out_0_V_o_ap_vld  | out |    1|   ap_ovld  |            link_out_0_V           |    pointer   |
+-----------------------+-----+-----+------------+-----------------------------------+--------------+

